// Jest Snapshot v1, https://goo.gl/fbAQLP

exports[`productiv app matches snapshot 1`] = `
<div>
  <div
    class="Todo"
  >
    <div>
      <b />
       
      <small>
        (priority: 
        )
      </small>
    </div>
    <div>
      <small />
    </div>
  </div>
</div>
`;
